// Jest Snapshot v1, https://goo.gl/fbAQLP

exports[`Pruebas en <TodoApp/> debe de mostrarce correctamente  1`] = `
<div
  className="row"
>
  <h1>
    TodoApp (
    0
    )
  </h1>
  <hr />
  <div
    className="col-7"
  >
    <TodoList
      handleDelete={[Function]}
      handleToggle={[Function]}
      todos={Array []}
    />
  </div>
  <div
    className="col-5"
  >
    <TodoAdd
      handleAddTodo={[Function]}
    />
  </div>
</div>
`;
