// Jest Snapshot v1, https://goo.gl/fbAQLP

exports[`Pruebas en <LoginScreen/> debe verse correctamente  1`] = `<LoginScreen />`;
